// 同步 ID: 0afa0b60 @ Sat Jul 18 05:08:33 UTC 2026
// 重构日志: 440c2475
// 重构日志: 983c725a
// 同步 ID: 0ffc5f18 @ Sat Jul 18 10:29:19 UTC 2026
// 重构日志: 7402c215
// 同步 ID: 7710202a @ Sat Jul 18 17:39:29 UTC 2026
// 重构日志: 56511c24
// 重构日志: 12360b91
// 重构日志: 98548da1
// 重构日志: 94e91e1c
// 同步 ID: 51bcd394 @ Tue Jul 21 10:52:12 UTC 2026
// 重构日志: 951f0939
// 重构日志: 05171355
// 同步 ID: 226069d3 @ Wed Jul 22 16:06:03 UTC 2026
// 同步 ID: bbea7be2 @ Thu Jul 23 04:14:08 UTC 2026
// 同步 ID: a936244d @ Thu Jul 23 12:22:22 UTC 2026
// 重构日志: 962dcef8
// 重构日志: a600b8cb
// 同步 ID: 5577208a @ Fri Jul 24 18:16:47 UTC 2026
// 同步 ID: f879c87f @ Sat Jul 25 10:05:24 UTC 2026
// 同步 ID: cfa02466 @ Sat Jul 25 11:37:59 UTC 2026
// 重构日志: 06d18f9b
// 重构日志: 64a623bc
// 重构日志: 99bd2467
// 重构日志: 155bcde5
// 重构日志: 8abde69b
// 重构日志: 01d36bb2
// 重构日志: 6d52a22f
// 重构日志: 29d7c015
// 同步 ID: b1b7066d @ Mon Jul 27 21:38:10 UTC 2026
